Using pre-set license
Built from '6000.0/release' branch; Version is '6000.0.43f1 (97272b72f107) revision 9905963'; Using compiler version '193933523'; Build Type 'Release'
OS: 'Windows 11  (10.0.22631) 64bit Professional' Language: 'en' Physical Memory: 32694 MB
BatchMode: 1, IsHumanControllingUs: 0, StartBugReporterOnCrash: 0, Is64bit: 1, IsPro: 1

COMMAND LINE ARGUMENTS:
C:\Program Files\Unity\Hub\Editor\6000.0.43f1\Editor\Unity.exe
-adb2
-batchMode
-noUpm
-name
AssetImportWorker4
-projectPath
C:/Users/ditzb/unity_projects/roguelike
-logFile
Logs/AssetImportWorker4.log
-srvPort
51580
-job-worker-count
7
-background-job-worker-count
8
-gc-helper-count
1
Successfully changed project path to: C:/Users/ditzb/unity_projects/roguelike
C:/Users/ditzb/unity_projects/roguelike
[UnityMemory] Configuration Parameters - Can be set up in boot.config
    "memorysetup-bucket-allocator-granularity=16"
    "memorysetup-bucket-allocator-bucket-count=8"
    "memorysetup-bucket-allocator-block-size=33554432"
    "memorysetup-bucket-allocator-block-count=8"
    "memorysetup-main-allocator-block-size=16777216"
    "memorysetup-thread-allocator-block-size=16777216"
    "memorysetup-gfx-main-allocator-block-size=16777216"
    "memorysetup-gfx-thread-allocator-block-size=16777216"
    "memorysetup-cache-allocator-block-size=4194304"
    "memorysetup-typetree-allocator-block-size=2097152"
    "memorysetup-profiler-bucket-allocator-granularity=16"
    "memorysetup-profiler-bucket-allocator-bucket-count=8"
    "memorysetup-profiler-bucket-allocator-block-size=33554432"
    "memorysetup-profiler-bucket-allocator-block-count=8"
    "memorysetup-profiler-allocator-block-size=16777216"
    "memorysetup-profiler-editor-allocator-block-size=1048576"
    "memorysetup-temp-allocator-size-main=16777216"
    "memorysetup-job-temp-allocator-block-size=2097152"
    "memorysetup-job-temp-allocator-block-size-background=1048576"
    "memorysetup-job-temp-allocator-reduction-small-platforms=262144"
    "memorysetup-allocator-temp-initial-block-size-main=262144"
    "memorysetup-allocator-temp-initial-block-size-worker=262144"
    "memorysetup-temp-allocator-size-background-worker=32768"
    "memorysetup-temp-allocator-size-job-worker=262144"
    "memorysetup-temp-allocator-size-preload-manager=33554432"
    "memorysetup-temp-allocator-size-nav-mesh-worker=65536"
    "memorysetup-temp-allocator-size-audio-worker=65536"
    "memorysetup-temp-allocator-size-cloud-worker=32768"
    "memorysetup-temp-allocator-size-gi-baking-worker=262144"
    "memorysetup-temp-allocator-size-gi-baking-worker=262144"
    "memorysetup-temp-allocator-size-gi-baking-worker=262144"
    "memorysetup-temp-allocator-size-gi-baking-worker=262144"
    "memorysetup-temp-allocator-size-gi-baking-worker=262144"
    "memorysetup-temp-allocator-size-gfx=262144"
Player connection [7096]  Target information:

Player connection [7096]  * "[IP] 192.168.1.7 [Port] 0 [Flags] 2 [Guid] 889561382 [EditorId] 889561382 [Version] 1048832 [Id] WindowsEditor(7,ditz460) [Debug] 1 [PackageName] WindowsEditor [ProjectName] Editor" 

Player connection [7096]  * "[IP] 172.27.176.1 [Port] 0 [Flags] 2 [Guid] 889561382 [EditorId] 889561382 [Version] 1048832 [Id] WindowsEditor(7,ditz460) [Debug] 1 [PackageName] WindowsEditor [ProjectName] Editor" 

Player connection [7096] Host joined multi-casting on [225.0.0.222:54997]...
Player connection [7096] Host joined alternative multi-casting on [225.0.0.222:34997]...
JobSystem: Creating JobQueue using job-worker-count value 7
Input System module state changed to: Initialized.
[Physics::Module] Initialized fallback backend.
[Physics::Module] Id: 0xdecafbad
Library Redirect Path: Library/
[Physics::Module] Selected backend.
[Physics::Module] Name: PhysX
[Physics::Module] Id: 0xf2b8ea05
[Physics::Module] SDK Version: 4.1.2
[Physics::Module] Integration Version: 1.0.0
[Physics::Module] Threading Mode: Multi-Threaded
Refreshing native plugins compatible for Editor in 3.14 ms, found 4 plugins.
Preloading 0 native plugins for Editor in 0.00 ms.
Initialize engine version: 6000.0.43f1 (97272b72f107)
[Subsystems] Discovering subsystems at path C:/Program Files/Unity/Hub/Editor/6000.0.43f1/Editor/Data/Resources/UnitySubsystems
[Subsystems] Discovering subsystems at path C:/Users/ditzb/unity_projects/roguelike/Assets
GfxDevice: creating device client; kGfxThreadingModeNonThreaded
Direct3D:
    Version:  Direct3D 11.0 [level 11.1]
    Renderer: NVIDIA GeForce RTX 2070 (ID=0x1f02)
    Vendor:   NVIDIA
    VRAM:     8006 MB
    Driver:   32.0.15.7270
Initialize mono
Mono path[0] = 'C:/Program Files/Unity/Hub/Editor/6000.0.43f1/Editor/Data/Managed'
Mono path[1] = 'C:/Program Files/Unity/Hub/Editor/6000.0.43f1/Editor/Data/MonoBleedingEdge/lib/mono/unityjit-win32'
Mono config path = 'C:/Program Files/Unity/Hub/Editor/6000.0.43f1/Editor/Data/MonoBleedingEdge/etc'
Using monoOptions --debugger-agent=transport=dt_socket,embedding=1,server=y,suspend=n,address=127.0.0.1:56728
Begin MonoManager ReloadAssembly
Registering precompiled unity dll's ...
Register platform support module: C:/Program Files/Unity/Hub/Editor/6000.0.43f1/Editor/Data/PlaybackEngines/WebGLSupport/UnityEditor.WebGL.Extensions.dll
Register platform support module: C:/Program Files/Unity/Hub/Editor/6000.0.43f1/Editor/Data/PlaybackEngines/WindowsStandaloneSupport/UnityEditor.WindowsStandalone.Extensions.dll
Registered in 0.003043 seconds.
- Loaded All Assemblies, in  0.529 seconds
Native extension for WindowsStandalone target not found
Native extension for WebGL target not found
Mono: successfully reloaded assembly
- Finished resetting the current domain, in  0.304 seconds
Domain Reload Profiling: 831ms
	BeginReloadAssembly (215ms)
		ExecutionOrderSort (0ms)
		DisableScriptedObjects (0ms)
		BackupInstance (0ms)
		ReleaseScriptingObjects (0ms)
		CreateAndSetChildDomain (1ms)
	RebuildCommonClasses (47ms)
	RebuildNativeTypeToScriptingClass (11ms)
	initialDomainReloadingComplete (53ms)
	LoadAllAssembliesAndSetupDomain (201ms)
		LoadAssemblies (211ms)
		RebuildTransferFunctionScriptingTraits (0ms)
		AnalyzeDomain (198ms)
			TypeCache.Refresh (197ms)
				TypeCache.ScanAssembly (180ms)
			BuildScriptInfoCaches (0ms)
			ResolveRequiredComponents (0ms)
	FinalizeReload (305ms)
		ReleaseScriptCaches (0ms)
		RebuildScriptCaches (0ms)
		SetupLoadedEditorAssemblies (263ms)
			LogAssemblyErrors (0ms)
			InitializePlatformSupportModulesInManaged (22ms)
			SetLoadedEditorAssemblies (4ms)
			BeforeProcessingInitializeOnLoad (43ms)
			ProcessInitializeOnLoadAttributes (143ms)
			ProcessInitializeOnLoadMethodAttributes (51ms)
			AfterProcessingInitializeOnLoad (0ms)
			EditorAssembliesLoaded (0ms)
		ExecutionOrderSort2 (0ms)
		AwakeInstancesAfterBackupRestoration (0ms)
Assembly reference Packages/com.unity.cinemachine/Editor/Samples/ExposeHDRPInternals/HDRP-Editor-ref.asmref has no target assembly definition
========================================================================
Worker process is ready to serve import requests
Import Worker Mode flag is 0x00
Assembly reference Packages/com.unity.cinemachine/Editor/Samples/ExposeHDRPInternals/HDRP-Editor-ref.asmref has no target assembly definition
Assembly reference Packages/com.unity.cinemachine/Editor/Samples/ExposeHDRPInternals/HDRP-Editor-ref.asmref has no target assembly definition
Begin MonoManager ReloadAssembly
- Loaded All Assemblies, in  1.064 seconds
Assembly reference Packages/com.unity.cinemachine/Editor/Samples/ExposeHDRPInternals/HDRP-Editor-ref.asmref has no target assembly definition
'Packages/com.unity.cinemachine/Editor/Obsolete/CinemachineVirtualCameraBaseEditor.cs' contains partial class of Unity.Object, exactly 1 of the partial classes needs to be in a file with the same filename. This is to know the one that can be referenced from ie. GameObjects
'Packages/com.unity.cinemachine/Editor/Editors/CinemachineVirtualCameraBaseEditor.cs' contains partial class of Unity.Object, exactly 1 of the partial classes needs to be in a file with the same filename. This is to know the one that can be referenced from ie. GameObjects
Refreshing native plugins compatible for Editor in 1.56 ms, found 4 plugins.
Native extension for WindowsStandalone target not found
Native extension for WebGL target not found
Assembly reference Packages/com.unity.cinemachine/Editor/Samples/ExposeHDRPInternals/HDRP-Editor-ref.asmref has no target assembly definition
Package Manager log level set to [2]
[Package Manager] Failed to launch server process. Reason: Unity was launched with the -noUpm command-line argument
[Package Manager] Unable to send message (not connected to server process).
[Package Manager] Cannot connect to Unity Package Manager local server
Refreshing native plugins compatible for Editor in 1.54 ms, found 4 plugins.
Mono: successfully reloaded assembly
- Finished resetting the current domain, in  0.779 seconds
Domain Reload Profiling: 1838ms
	BeginReloadAssembly (150ms)
		ExecutionOrderSort (0ms)
		DisableScriptedObjects (6ms)
		BackupInstance (0ms)
		ReleaseScriptingObjects (0ms)
		CreateAndSetChildDomain (29ms)
	RebuildCommonClasses (28ms)
	RebuildNativeTypeToScriptingClass (9ms)
	initialDomainReloadingComplete (46ms)
	LoadAllAssembliesAndSetupDomain (826ms)
		LoadAssemblies (520ms)
		RebuildTransferFunctionScriptingTraits (0ms)
		AnalyzeDomain (392ms)
			TypeCache.Refresh (307ms)
				TypeCache.ScanAssembly (285ms)
			BuildScriptInfoCaches (70ms)
			ResolveRequiredComponents (12ms)
	FinalizeReload (779ms)
		ReleaseScriptCaches (0ms)
		RebuildScriptCaches (0ms)
		SetupLoadedEditorAssemblies (599ms)
			LogAssemblyErrors (0ms)
			InitializePlatformSupportModulesInManaged (4ms)
			SetLoadedEditorAssemblies (3ms)
			BeforeProcessingInitializeOnLoad (115ms)
			ProcessInitializeOnLoadAttributes (373ms)
			ProcessInitializeOnLoadMethodAttributes (99ms)
			AfterProcessingInitializeOnLoad (5ms)
			EditorAssembliesLoaded (0ms)
		ExecutionOrderSort2 (0ms)
		AwakeInstancesAfterBackupRestoration (6ms)
Launched and connected shader compiler UnityShaderCompiler.exe after 0.03 seconds
Refreshing native plugins compatible for Editor in 3.05 ms, found 4 plugins.
Preloading 0 native plugins for Editor in 0.00 ms.
Unloading 218 Unused Serialized files (Serialized files now loaded: 0)
Unloading 6933 unused Assets / (4.8 MB). Loaded Objects now: 7637.
Memory consumption went from 175.6 MB to 170.8 MB.
Total: 16.250000 ms (FindLiveObjects: 1.597500 ms CreateObjectMapping: 1.293500 ms MarkObjects: 9.663400 ms  DeleteObjects: 3.693600 ms)

========================================================================
Received Import Request.
  Time since last request: 20130.316273 seconds.
  path: Assets/stage1.obj
  artifactKey: Guid(927de7168fc3dbb4aa54597d01a849a0) Importer(815301076,1909f56bfc062723c751e8b465ee728b)
Start importing Assets/stage1.obj using Guid(927de7168fc3dbb4aa54597d01a849a0) Importer(815301076,1909f56bfc062723c751e8b465ee728b) (PreviewImporter) -> (artifact id: '4a37bbcc92a538f1b3438533ecada181') in 0.4330019 seconds
Number of updated asset objects reloaded before import = 0Number of asset objects unloaded after import = 10

========================================================================
Received Import Request.
  Time since last request: 48.982240 seconds.
  path: Assets/stage1_p1.obj
  artifactKey: Guid(11b3da2352a538442b5c7e11af090d5e) Importer(815301076,1909f56bfc062723c751e8b465ee728b)
Start importing Assets/stage1_p1.obj using Guid(11b3da2352a538442b5c7e11af090d5e) Importer(815301076,1909f56bfc062723c751e8b465ee728b) (PreviewImporter) -> (artifact id: 'e04d2c2679cb8b71f3d2977c7b9d74b4') in 0.0238453 seconds
Number of updated asset objects reloaded before import = 0Number of asset objects unloaded after import = 10

========================================================================
Received Import Request.
  Time since last request: 91.995522 seconds.
  path: Assets/stage1_p2.obj
  artifactKey: Guid(97f19add383863246970cf00e7d58816) Importer(815301076,1909f56bfc062723c751e8b465ee728b)
Start importing Assets/stage1_p2.obj using Guid(97f19add383863246970cf00e7d58816) Importer(815301076,1909f56bfc062723c751e8b465ee728b) (PreviewImporter) -> (artifact id: 'b552df39aac258dd063fa3afefcbced5') in 0.0239043 seconds
Number of updated asset objects reloaded before import = 0Number of asset objects unloaded after import = 10

========================================================================
Received Import Request.
  Time since last request: 1.912419 seconds.
  path: Assets/stage1_p3.obj
  artifactKey: Guid(9a48e203885eeeb41b7410004a56d83a) Importer(815301076,1909f56bfc062723c751e8b465ee728b)
Start importing Assets/stage1_p3.obj using Guid(9a48e203885eeeb41b7410004a56d83a) Importer(815301076,1909f56bfc062723c751e8b465ee728b) (PreviewImporter) -> (artifact id: 'c7f9e6859bdb88b678202307a37f44ad') in 0.0225938 seconds
Number of updated asset objects reloaded before import = 0Number of asset objects unloaded after import = 10

========================================================================
Received Import Request.
  Time since last request: 2.149797 seconds.
  path: Assets/stage1_p4.obj
  artifactKey: Guid(326174c613fab074ba519881160e8a7f) Importer(815301076,1909f56bfc062723c751e8b465ee728b)
Start importing Assets/stage1_p4.obj using Guid(326174c613fab074ba519881160e8a7f) Importer(815301076,1909f56bfc062723c751e8b465ee728b) (PreviewImporter) -> (artifact id: '55cdf34c2d72437c02c41c3cd8ea05f7') in 0.0232069 seconds
Number of updated asset objects reloaded before import = 0Number of asset objects unloaded after import = 10

========================================================================
Received Import Request.
  Time since last request: 2.066251 seconds.
  path: Assets/stage1_p5.obj
  artifactKey: Guid(2d670301db581e147b0931366eef2296) Importer(815301076,1909f56bfc062723c751e8b465ee728b)
Start importing Assets/stage1_p5.obj using Guid(2d670301db581e147b0931366eef2296) Importer(815301076,1909f56bfc062723c751e8b465ee728b) (PreviewImporter) -> (artifact id: '175f9c8cce59883cc4fd6281b072cac3') in 0.0224814 seconds
Number of updated asset objects reloaded before import = 0Number of asset objects unloaded after import = 10

========================================================================
Received Import Request.
  Time since last request: 1.500955 seconds.
  path: Assets/stage1_p6.obj
  artifactKey: Guid(7768bf5a870b8e64b83e1d4aa9331c07) Importer(815301076,1909f56bfc062723c751e8b465ee728b)
Start importing Assets/stage1_p6.obj using Guid(7768bf5a870b8e64b83e1d4aa9331c07) Importer(815301076,1909f56bfc062723c751e8b465ee728b) (PreviewImporter) -> (artifact id: '998d2da6157fb4b6d0bfdeac6eedeb34') in 0.022161 seconds
Number of updated asset objects reloaded before import = 0Number of asset objects unloaded after import = 10

========================================================================
Received Import Request.
  Time since last request: 19.920768 seconds.
  path: Assets/stage1
  artifactKey: Guid(52dfef3b8bceaba41b0a31c7e8fb695a) Importer(815301076,1909f56bfc062723c751e8b465ee728b)
Start importing Assets/stage1 using Guid(52dfef3b8bceaba41b0a31c7e8fb695a) Importer(815301076,1909f56bfc062723c751e8b465ee728b) (PreviewImporter) -> (artifact id: '9d9132f6cdc4818c33f8a86d63d4c989') in 0.0005202 seconds
Number of updated asset objects reloaded before import = 0Number of asset objects unloaded after import = 0

========================================================================
Received Import Request.
  Time since last request: 30.692824 seconds.
  path: Assets/stage1/stage1_p1.prefab
  artifactKey: Guid(b25f596c973f1b94ea844582c56c7c21) Importer(815301076,1909f56bfc062723c751e8b465ee728b)
Start importing Assets/stage1/stage1_p1.prefab using Guid(b25f596c973f1b94ea844582c56c7c21) Importer(815301076,1909f56bfc062723c751e8b465ee728b) (PreviewImporter) -> (artifact id: '2968b644dc0b445157826f218d36dd8e') in 0.0153482 seconds
Number of updated asset objects reloaded before import = 0Number of asset objects unloaded after import = 19

========================================================================
Received Import Request.
  Time since last request: 392.170613 seconds.
  path: Assets/Materials/stage1_1.mat
  artifactKey: Guid(84ab7a26506092e4b8c90b0a508320ed) Importer(815301076,1909f56bfc062723c751e8b465ee728b)
Start importing Assets/Materials/stage1_1.mat using Guid(84ab7a26506092e4b8c90b0a508320ed) Importer(815301076,1909f56bfc062723c751e8b465ee728b) (PreviewImporter) -> (artifact id: '9924abbbfed856a0f13343036a63cb87') in 0.017094 seconds
Number of updated asset objects reloaded before import = 0Number of asset objects unloaded after import = 1

========================================================================
Received Import Request.
  Time since last request: 0.000028 seconds.
  path: Assets/Materials/stage1_5.mat
  artifactKey: Guid(54ca02d0dcb93a144b9a380d1175a4e0) Importer(815301076,1909f56bfc062723c751e8b465ee728b)
Start importing Assets/Materials/stage1_5.mat using Guid(54ca02d0dcb93a144b9a380d1175a4e0) Importer(815301076,1909f56bfc062723c751e8b465ee728b) (PreviewImporter) -> (artifact id: '88819642d55c22d2029e727e1c6a60a0') in 0.0151558 seconds
Number of updated asset objects reloaded before import = 0Number of asset objects unloaded after import = 1

========================================================================
Received Import Request.
  Time since last request: 0.000032 seconds.
  path: Assets/Materials/stage1_4.mat
  artifactKey: Guid(a67a4764b1c06a241b70ba253122cb64) Importer(815301076,1909f56bfc062723c751e8b465ee728b)
Start importing Assets/Materials/stage1_4.mat using Guid(a67a4764b1c06a241b70ba253122cb64) Importer(815301076,1909f56bfc062723c751e8b465ee728b) (PreviewImporter) -> (artifact id: '2754c1666dfa30b5344e5c05cc7f47d1') in 0.0140206 seconds
Number of updated asset objects reloaded before import = 0Number of asset objects unloaded after import = 1

========================================================================
Received Import Request.
  Time since last request: 0.000021 seconds.
  path: Assets/Materials/stage1_3.mat
  artifactKey: Guid(a5f297bc0a09e3e4094adc193781d542) Importer(815301076,1909f56bfc062723c751e8b465ee728b)
Start importing Assets/Materials/stage1_3.mat using Guid(a5f297bc0a09e3e4094adc193781d542) Importer(815301076,1909f56bfc062723c751e8b465ee728b) (PreviewImporter) -> (artifact id: '3f5b425c66fe39887ec2f9d236ee054f') in 0.0150131 seconds
Number of updated asset objects reloaded before import = 0Number of asset objects unloaded after import = 1

========================================================================
Received Import Request.
  Time since last request: 17.445418 seconds.
  path: Assets/stage1.prefab
  artifactKey: Guid(f7e51c3aadc10dc47a1260514533060f) Importer(815301076,1909f56bfc062723c751e8b465ee728b)
Start importing Assets/stage1.prefab using Guid(f7e51c3aadc10dc47a1260514533060f) Importer(815301076,1909f56bfc062723c751e8b465ee728b) (PreviewImporter) -> (artifact id: '0f35d397ce36e1f0767e836738a6d828') in 0.0146992 seconds
Number of updated asset objects reloaded before import = 0Number of asset objects unloaded after import = 19

========================================================================
Received Prepare
Assembly reference Packages/com.unity.cinemachine/Editor/Samples/ExposeHDRPInternals/HDRP-Editor-ref.asmref has no target assembly definition
Assembly reference Packages/com.unity.cinemachine/Editor/Samples/ExposeHDRPInternals/HDRP-Editor-ref.asmref has no target assembly definition
Begin MonoManager ReloadAssembly
- Loaded All Assemblies, in  0.666 seconds
Assembly reference Packages/com.unity.cinemachine/Editor/Samples/ExposeHDRPInternals/HDRP-Editor-ref.asmref has no target assembly definition
'Packages/com.unity.cinemachine/Editor/Obsolete/CinemachineVirtualCameraBaseEditor.cs' contains partial class of Unity.Object, exactly 1 of the partial classes needs to be in a file with the same filename. This is to know the one that can be referenced from ie. GameObjects
'Packages/com.unity.cinemachine/Editor/Editors/CinemachineVirtualCameraBaseEditor.cs' contains partial class of Unity.Object, exactly 1 of the partial classes needs to be in a file with the same filename. This is to know the one that can be referenced from ie. GameObjects
Refreshing native plugins compatible for Editor in 1.55 ms, found 4 plugins.
Native extension for WindowsStandalone target not found
Native extension for WebGL target not found
Assembly reference Packages/com.unity.cinemachine/Editor/Samples/ExposeHDRPInternals/HDRP-Editor-ref.asmref has no target assembly definition
[Package Manager] Failed to launch server process. Reason: Unity was launched with the -noUpm command-line argument
[Package Manager] Unable to send message (not connected to server process).
[Package Manager] Cannot connect to Unity Package Manager local server
Mono: successfully reloaded assembly
- Finished resetting the current domain, in  0.656 seconds
Domain Reload Profiling: 1323ms
	BeginReloadAssembly (199ms)
		ExecutionOrderSort (0ms)
		DisableScriptedObjects (18ms)
		BackupInstance (0ms)
		ReleaseScriptingObjects (0ms)
		CreateAndSetChildDomain (61ms)
	RebuildCommonClasses (28ms)
	RebuildNativeTypeToScriptingClass (10ms)
	initialDomainReloadingComplete (24ms)
	LoadAllAssembliesAndSetupDomain (406ms)
		LoadAssemblies (303ms)
		RebuildTransferFunctionScriptingTraits (0ms)
		AnalyzeDomain (180ms)
			TypeCache.Refresh (9ms)
				TypeCache.ScanAssembly (2ms)
			BuildScriptInfoCaches (152ms)
			ResolveRequiredComponents (15ms)
	FinalizeReload (656ms)
		ReleaseScriptCaches (0ms)
		RebuildScriptCaches (0ms)
		SetupLoadedEditorAssemblies (471ms)
			LogAssemblyErrors (0ms)
			InitializePlatformSupportModulesInManaged (3ms)
			SetLoadedEditorAssemblies (3ms)
			BeforeProcessingInitializeOnLoad (96ms)
			ProcessInitializeOnLoadAttributes (296ms)
			ProcessInitializeOnLoadMethodAttributes (68ms)
			AfterProcessingInitializeOnLoad (6ms)
			EditorAssembliesLoaded (0ms)
		ExecutionOrderSort2 (0ms)
		AwakeInstancesAfterBackupRestoration (12ms)
Refreshing native plugins compatible for Editor in 6.17 ms, found 4 plugins.
Preloading 0 native plugins for Editor in 0.00 ms.
Unloading 26 Unused Serialized files (Serialized files now loaded: 0)
Unloading 7023 unused Assets / (5.3 MB). Loaded Objects now: 7806.
Memory consumption went from 165.9 MB to 160.7 MB.
Total: 23.959100 ms (FindLiveObjects: 3.480200 ms CreateObjectMapping: 3.589600 ms MarkObjects: 10.808700 ms  DeleteObjects: 6.078700 ms)

Prepare: number of updated asset objects reloaded= 56
========================================================================
Received Import Request.
  Time since last request: 201.327150 seconds.
  path: Assets/Playerfull.prefab
  artifactKey: Guid(e5e9de0991ec541d4978d6f889e32419) Importer(815301076,1909f56bfc062723c751e8b465ee728b)
Start importing Assets/Playerfull.prefab using Guid(e5e9de0991ec541d4978d6f889e32419) Importer(815301076,1909f56bfc062723c751e8b465ee728b) (PreviewImporter) -> (artifact id: '15f20f31e21cbc6c468041649e4cbda6') in 0.7934244 seconds
Number of updated asset objects reloaded before import = 0Number of asset objects unloaded after import = 167

========================================================================
Received Import Request.
  Time since last request: 0.000052 seconds.
  path: Assets/playerhand_r.prefab
  artifactKey: Guid(a748ddf936471404e9244bf6928af7d4) Importer(815301076,1909f56bfc062723c751e8b465ee728b)
Start importing Assets/playerhand_r.prefab using Guid(a748ddf936471404e9244bf6928af7d4) Importer(815301076,1909f56bfc062723c751e8b465ee728b) (PreviewImporter) -> (artifact id: '867c01da05adc359db4fd07d29079d3b') in 0.0365171 seconds
Number of updated asset objects reloaded before import = 0Number of asset objects unloaded after import = 25

========================================================================
Received Import Request.
  Time since last request: 0.000033 seconds.
  path: Assets/barrier.png
  artifactKey: Guid(c1dbc87903758f142913b16a86d65c6d) Importer(815301076,1909f56bfc062723c751e8b465ee728b)
Start importing Assets/barrier.png using Guid(c1dbc87903758f142913b16a86d65c6d) Importer(815301076,1909f56bfc062723c751e8b465ee728b) (PreviewImporter) -> (artifact id: '06ccb01305cd41221742082fc2aa580f') in 0.0290694 seconds
Number of updated asset objects reloaded before import = 0Number of asset objects unloaded after import = 2

========================================================================
Received Import Request.
  Time since last request: 0.000021 seconds.
  path: Assets/room_platform.prefab
  artifactKey: Guid(6dbede199bce14781a1d03547a6b140d) Importer(815301076,1909f56bfc062723c751e8b465ee728b)
Start importing Assets/room_platform.prefab using Guid(6dbede199bce14781a1d03547a6b140d) Importer(815301076,1909f56bfc062723c751e8b465ee728b) (PreviewImporter) -> (artifact id: 'b8b1d234f14ee8511b4f4681177c7310') in 0.0350365 seconds
Number of updated asset objects reloaded before import = 0Number of asset objects unloaded after import = 86

========================================================================
Received Import Request.
  Time since last request: 0.000024 seconds.
  path: Assets/turrethead.prefab
  artifactKey: Guid(8e4ebb1285ae2e24dae7d4bf6cfdf9de) Importer(815301076,1909f56bfc062723c751e8b465ee728b)
Start importing Assets/turrethead.prefab using Guid(8e4ebb1285ae2e24dae7d4bf6cfdf9de) Importer(815301076,1909f56bfc062723c751e8b465ee728b) (PreviewImporter) -> (artifact id: 'bddbc5a148634c3178e083406e5c3b5f') in 0.0167429 seconds
Number of updated asset objects reloaded before import = 0Number of asset objects unloaded after import = 21

========================================================================
Received Import Request.
  Time since last request: 0.000502 seconds.
  path: Assets/playerhand.png
  artifactKey: Guid(dc477bb97e66c47edbc4e55dd6d82984) Importer(815301076,1909f56bfc062723c751e8b465ee728b)
Start importing Assets/playerhand.png using Guid(dc477bb97e66c47edbc4e55dd6d82984) Importer(815301076,1909f56bfc062723c751e8b465ee728b) (PreviewImporter) -> (artifact id: '69d35eea1b351e06f56b8355d3d81eac') in 0.0060205 seconds
Number of updated asset objects reloaded before import = 0Number of asset objects unloaded after import = 2

========================================================================
Received Import Request.
  Time since last request: 0.000037 seconds.
  path: Assets/shabenemy.prefab
  artifactKey: Guid(f025aae067eae4f27a4817a44ab7b7c6) Importer(815301076,1909f56bfc062723c751e8b465ee728b)
Start importing Assets/shabenemy.prefab using Guid(f025aae067eae4f27a4817a44ab7b7c6) Importer(815301076,1909f56bfc062723c751e8b465ee728b) (PreviewImporter) -> (artifact id: 'aaf259112a3dcbf93746a853c957391a') in 0.051318 seconds
Number of updated asset objects reloaded before import = 0Number of asset objects unloaded after import = 49

========================================================================
Received Import Request.
  Time since last request: 0.000033 seconds.
  path: Assets/turretbase.prefab
  artifactKey: Guid(a910b1e104d554641ae7b1425fe2008a) Importer(815301076,1909f56bfc062723c751e8b465ee728b)
Start importing Assets/turretbase.prefab using Guid(a910b1e104d554641ae7b1425fe2008a) Importer(815301076,1909f56bfc062723c751e8b465ee728b) (PreviewImporter) -> (artifact id: '7cde6bccd89a1fda2bf28eff8a70a8a2') in 0.0082397 seconds
Number of updated asset objects reloaded before import = 0Number of asset objects unloaded after import = 21

========================================================================
Received Import Request.
  Time since last request: 0.000032 seconds.
  path: Assets/turretbase.png
  artifactKey: Guid(516de156cea40a045a58d8626c7f73f5) Importer(815301076,1909f56bfc062723c751e8b465ee728b)
Start importing Assets/turretbase.png using Guid(516de156cea40a045a58d8626c7f73f5) Importer(815301076,1909f56bfc062723c751e8b465ee728b) (PreviewImporter) -> (artifact id: 'c321e22bd84d5d0fc7af3d6b03e24489') in 0.014649 seconds
Number of updated asset objects reloaded before import = 0Number of asset objects unloaded after import = 2

========================================================================
Received Import Request.
  Time since last request: 0.000024 seconds.
  path: Assets/bomb.prefab
  artifactKey: Guid(ce31787be3fd640a5adf4fc5be9ec3bb) Importer(815301076,1909f56bfc062723c751e8b465ee728b)
Start importing Assets/bomb.prefab using Guid(ce31787be3fd640a5adf4fc5be9ec3bb) Importer(815301076,1909f56bfc062723c751e8b465ee728b) (PreviewImporter) -> (artifact id: '5733e44b7607b8540df0f3ed4698d727') in 0.0164138 seconds
Number of updated asset objects reloaded before import = 0Number of asset objects unloaded after import = 22

========================================================================
Received Import Request.
  Time since last request: 0.000026 seconds.
  path: Assets/zomb_material.png
  artifactKey: Guid(e48c0deb852d94ed2800abe8f3e61aba) Importer(815301076,1909f56bfc062723c751e8b465ee728b)
Start importing Assets/zomb_material.png using Guid(e48c0deb852d94ed2800abe8f3e61aba) Importer(815301076,1909f56bfc062723c751e8b465ee728b) (PreviewImporter) -> (artifact id: '2f0920b32e29dd6c2b0322b7dd88e80d') in 0.0131299 seconds
Number of updated asset objects reloaded before import = 0Number of asset objects unloaded after import = 2

========================================================================
Received Import Request.
  Time since last request: 0.000042 seconds.
  path: Assets/playerhand_l.prefab
  artifactKey: Guid(2f848f957aa7340cbb1bc8aa0775cc6f) Importer(815301076,1909f56bfc062723c751e8b465ee728b)
Start importing Assets/playerhand_l.prefab using Guid(2f848f957aa7340cbb1bc8aa0775cc6f) Importer(815301076,1909f56bfc062723c751e8b465ee728b) (PreviewImporter) -> (artifact id: 'be5f5c71ea1a623e3a6e09766c9262ca') in 0.0084655 seconds
Number of updated asset objects reloaded before import = 0Number of asset objects unloaded after import = 25

========================================================================
Received Import Request.
  Time since last request: 0.000021 seconds.
  path: Assets/turrethead.png
  artifactKey: Guid(b2c8c6dca9bc84c4a8080741700a5b94) Importer(815301076,1909f56bfc062723c751e8b465ee728b)
Start importing Assets/turrethead.png using Guid(b2c8c6dca9bc84c4a8080741700a5b94) Importer(815301076,1909f56bfc062723c751e8b465ee728b) (PreviewImporter) -> (artifact id: '141c4ca63889c3796ba463d39649372f') in 0.0060401 seconds
Number of updated asset objects reloaded before import = 0Number of asset objects unloaded after import = 2

========================================================================
Received Import Request.
  Time since last request: 0.000028 seconds.
  path: Assets/theshrine.prefab
  artifactKey: Guid(f84d14fa113d9354cb8455019413d9c3) Importer(815301076,1909f56bfc062723c751e8b465ee728b)
Start importing Assets/theshrine.prefab using Guid(f84d14fa113d9354cb8455019413d9c3) Importer(815301076,1909f56bfc062723c751e8b465ee728b) (PreviewImporter) -> (artifact id: '2f5f95b53ec134e85e0ac97605a2ef40') in 0.0201749 seconds
Number of updated asset objects reloaded before import = 0Number of asset objects unloaded after import = 98

========================================================================
Received Import Request.
  Time since last request: 0.000030 seconds.
  path: Assets/platform_mat.mat
  artifactKey: Guid(3815e6fe054f7764194be8e8b76b6eb3) Importer(815301076,1909f56bfc062723c751e8b465ee728b)
Start importing Assets/platform_mat.mat using Guid(3815e6fe054f7764194be8e8b76b6eb3) Importer(815301076,1909f56bfc062723c751e8b465ee728b) (PreviewImporter) -> (artifact id: 'c1d0a0d4d705a7dde6cb385ce776c993') in 0.02857 seconds
Number of updated asset objects reloaded before import = 0Number of asset objects unloaded after import = 6

========================================================================
Received Import Request.
  Time since last request: 0.000032 seconds.
  path: Assets/theshrine.png
  artifactKey: Guid(32d31f5fce1579246bc02e31272e1b67) Importer(815301076,1909f56bfc062723c751e8b465ee728b)
Start importing Assets/theshrine.png using Guid(32d31f5fce1579246bc02e31272e1b67) Importer(815301076,1909f56bfc062723c751e8b465ee728b) (PreviewImporter) -> (artifact id: '84fcdf69a2dd870b20889037e1c88ea4') in 0.0070713 seconds
Number of updated asset objects reloaded before import = 0Number of asset objects unloaded after import = 2

========================================================================
Received Import Request.
  Time since last request: 0.000026 seconds.
  path: Assets/bomb.vox.obj
  artifactKey: Guid(e4f21612f7ae8409cb1841cb11040508) Importer(815301076,1909f56bfc062723c751e8b465ee728b)
Start importing Assets/bomb.vox.obj using Guid(e4f21612f7ae8409cb1841cb11040508) Importer(815301076,1909f56bfc062723c751e8b465ee728b) (PreviewImporter) -> (artifact id: '80cdf42bd398c9d8ee8a7eb938130c91') in 0.0381094 seconds
Number of updated asset objects reloaded before import = 0Number of asset objects unloaded after import = 11

========================================================================
Received Import Request.
  Time since last request: 0.000033 seconds.
  path: Assets/banksign.png
  artifactKey: Guid(5a126cd0789ef3544964e1867e9f838d) Importer(815301076,1909f56bfc062723c751e8b465ee728b)
Start importing Assets/banksign.png using Guid(5a126cd0789ef3544964e1867e9f838d) Importer(815301076,1909f56bfc062723c751e8b465ee728b) (PreviewImporter) -> (artifact id: 'fa92f2f0d19ecd399d5f538037430bff') in 0.00787 seconds
Number of updated asset objects reloaded before import = 0Number of asset objects unloaded after import = 2

========================================================================
Received Import Request.
  Time since last request: 0.000022 seconds.
  path: Assets/room_wall.prefab
  artifactKey: Guid(1bd2210bf8cbbcc4d87de393107e1694) Importer(815301076,1909f56bfc062723c751e8b465ee728b)
Start importing Assets/room_wall.prefab using Guid(1bd2210bf8cbbcc4d87de393107e1694) Importer(815301076,1909f56bfc062723c751e8b465ee728b) (PreviewImporter) -> (artifact id: '91eedb09096828296d2a3c6e433bd939') in 0.0492561 seconds
Number of updated asset objects reloaded before import = 0Number of asset objects unloaded after import = 86

========================================================================
Received Import Request.
  Time since last request: 0.000029 seconds.
  path: Assets/bank.prefab
  artifactKey: Guid(00858da207e8848458d46d269543b188) Importer(815301076,1909f56bfc062723c751e8b465ee728b)
Start importing Assets/bank.prefab using Guid(00858da207e8848458d46d269543b188) Importer(815301076,1909f56bfc062723c751e8b465ee728b) (PreviewImporter) -> (artifact id: '647b65eac5279197aab6e4a54a6352ae') in 0.0449618 seconds
Number of updated asset objects reloaded before import = 0Number of asset objects unloaded after import = 88

========================================================================
Received Import Request.
  Time since last request: 0.000031 seconds.
  path: Assets/EnemyBomber.prefab
  artifactKey: Guid(308327b87b84d954284414409f696abe) Importer(815301076,1909f56bfc062723c751e8b465ee728b)
Start importing Assets/EnemyBomber.prefab using Guid(308327b87b84d954284414409f696abe) Importer(815301076,1909f56bfc062723c751e8b465ee728b) (PreviewImporter) -> (artifact id: '7069d77af116753846c47485c0527860') in 0.0166127 seconds
Number of updated asset objects reloaded before import = 0Number of asset objects unloaded after import = 53

========================================================================
Received Import Request.
  Time since last request: 0.000026 seconds.
  path: Assets/theshrine 1.prefab
  artifactKey: Guid(a084a0b356ebaee48952cefcd71ba6e7) Importer(815301076,1909f56bfc062723c751e8b465ee728b)
Start importing Assets/theshrine 1.prefab using Guid(a084a0b356ebaee48952cefcd71ba6e7) Importer(815301076,1909f56bfc062723c751e8b465ee728b) (PreviewImporter) -> (artifact id: 'd3af05b8ab68bea0198c7ff442e8c95e') in 0.0159855 seconds
Number of updated asset objects reloaded before import = 0Number of asset objects unloaded after import = 21

========================================================================
Received Import Request.
  Time since last request: 75.588385 seconds.
  path: Assets/stage1.prefab
  artifactKey: Guid(f7e51c3aadc10dc47a1260514533060f) Importer(815301076,1909f56bfc062723c751e8b465ee728b)
Start importing Assets/stage1.prefab using Guid(f7e51c3aadc10dc47a1260514533060f) Importer(815301076,1909f56bfc062723c751e8b465ee728b) (PreviewImporter) -> (artifact id: '33c142ff4de907921f0fb120c3e9854c') in 0.0036751 seconds
Number of updated asset objects reloaded before import = 0Number of asset objects unloaded after import = 19

========================================================================
Received Import Request.
  Time since last request: 1.164726 seconds.
  path: Assets/stage1.prefab
  artifactKey: Guid(f7e51c3aadc10dc47a1260514533060f) Importer(815301076,1909f56bfc062723c751e8b465ee728b)
Start importing Assets/stage1.prefab using Guid(f7e51c3aadc10dc47a1260514533060f) Importer(815301076,1909f56bfc062723c751e8b465ee728b) (PreviewImporter) -> (artifact id: 'd2e2c287499c964db3c7113be16ce071') in 0.0027956 seconds
Number of updated asset objects reloaded before import = 0Number of asset objects unloaded after import = 19

========================================================================
Received Import Request.
  Time since last request: 32.784582 seconds.
  path: Assets/stage1.prefab
  artifactKey: Guid(f7e51c3aadc10dc47a1260514533060f) Importer(815301076,1909f56bfc062723c751e8b465ee728b)
Start importing Assets/stage1.prefab using Guid(f7e51c3aadc10dc47a1260514533060f) Importer(815301076,1909f56bfc062723c751e8b465ee728b) (PreviewImporter) -> (artifact id: '60cebaa5de37be2e0c041337b1fe2cd8') in 0.0035062 seconds
Number of updated asset objects reloaded before import = 0Number of asset objects unloaded after import = 19

========================================================================
Received Import Request.
  Time since last request: 96.190064 seconds.
  path: Assets/stage1_mat.mat
  artifactKey: Guid(b29142ef6e2b38f479854828d369796f) Importer(815301076,1909f56bfc062723c751e8b465ee728b)
Start importing Assets/stage1_mat.mat using Guid(b29142ef6e2b38f479854828d369796f) Importer(815301076,1909f56bfc062723c751e8b465ee728b) (PreviewImporter) -> (artifact id: 'b50b62141837480bb868d68b0cca8c87') in 0.0149078 seconds
Number of updated asset objects reloaded before import = 0Number of asset objects unloaded after import = 1

========================================================================
Received Import Request.
  Time since last request: 1.845915 seconds.
  path: Assets/stage1.prefab
  artifactKey: Guid(f7e51c3aadc10dc47a1260514533060f) Importer(815301076,1909f56bfc062723c751e8b465ee728b)
Start importing Assets/stage1.prefab using Guid(f7e51c3aadc10dc47a1260514533060f) Importer(815301076,1909f56bfc062723c751e8b465ee728b) (PreviewImporter) -> (artifact id: '742c61f44e7c1b30be88b133a14a14b8') in 0.006032 seconds
Number of updated asset objects reloaded before import = 0Number of asset objects unloaded after import = 19

========================================================================
Received Import Request.
  Time since last request: 491.539600 seconds.
  path: Packages/com.unity.polybrush/package.json
  artifactKey: Guid(3f0090ad51a2a4f91ab978f06c088ff7) Importer(815301076,1909f56bfc062723c751e8b465ee728b)
Start importing Packages/com.unity.polybrush/package.json using Guid(3f0090ad51a2a4f91ab978f06c088ff7) Importer(815301076,1909f56bfc062723c751e8b465ee728b) (PreviewImporter) -> (artifact id: 'a575420db35b8eb37398d2c28f5affe2') in 0.0013701 seconds
Number of updated asset objects reloaded before import = 0Number of asset objects unloaded after import = 1

========================================================================
Received Import Request.
  Time since last request: 3.892435 seconds.
  path: Packages/com.unity.polybrush/Editor/Unity.Polybrush.Editor.asmdef
  artifactKey: Guid(a0684083ec4054b5d8ddda495a64ad32) Importer(815301076,1909f56bfc062723c751e8b465ee728b)
Start importing Packages/com.unity.polybrush/Editor/Unity.Polybrush.Editor.asmdef using Guid(a0684083ec4054b5d8ddda495a64ad32) Importer(815301076,1909f56bfc062723c751e8b465ee728b) (PreviewImporter) -> (artifact id: 'e2665536bbccdc16518fa1f828a0c822') in 0.0005723 seconds
Number of updated asset objects reloaded before import = 0Number of asset objects unloaded after import = 0

========================================================================
Received Import Request.
  Time since last request: 4.690955 seconds.
  path: Packages/com.unity.polybrush/Runtime/Unity.Polybrush.asmdef
  artifactKey: Guid(90334f538c7574e698a2b503503e321d) Importer(815301076,1909f56bfc062723c751e8b465ee728b)
Start importing Packages/com.unity.polybrush/Runtime/Unity.Polybrush.asmdef using Guid(90334f538c7574e698a2b503503e321d) Importer(815301076,1909f56bfc062723c751e8b465ee728b) (PreviewImporter) -> (artifact id: '103d41e837e882a05f3c9012f221a6fe') in 0.0005889 seconds
Number of updated asset objects reloaded before import = 0Number of asset objects unloaded after import = 0

========================================================================
Received Import Request.
  Time since last request: 1.430697 seconds.
  path: Packages/com.unity.polybrush/Editor/ProBuilderIntegration
  artifactKey: Guid(bc64c6a9b4ed549329d8776ddbc1b925) Importer(815301076,1909f56bfc062723c751e8b465ee728b)
Start importing Packages/com.unity.polybrush/Editor/ProBuilderIntegration using Guid(bc64c6a9b4ed549329d8776ddbc1b925) Importer(815301076,1909f56bfc062723c751e8b465ee728b) (PreviewImporter) -> (artifact id: 'bdd42394e26ac4f5a3e2b319038cba9b') in 0.0005986 seconds
Number of updated asset objects reloaded before import = 0Number of asset objects unloaded after import = 0

========================================================================
Received Prepare
Assembly reference Packages/com.unity.cinemachine/Editor/Samples/ExposeHDRPInternals/HDRP-Editor-ref.asmref has no target assembly definition
Assembly reference Packages/com.unity.cinemachine/Editor/Samples/ExposeHDRPInternals/HDRP-Editor-ref.asmref has no target assembly definition
Begin MonoManager ReloadAssembly
- Loaded All Assemblies, in  0.890 seconds
Assembly reference Packages/com.unity.cinemachine/Editor/Samples/ExposeHDRPInternals/HDRP-Editor-ref.asmref has no target assembly definition
'Packages/com.unity.cinemachine/Editor/Obsolete/CinemachineVirtualCameraBaseEditor.cs' contains partial class of Unity.Object, exactly 1 of the partial classes needs to be in a file with the same filename. This is to know the one that can be referenced from ie. GameObjects
'Packages/com.unity.cinemachine/Editor/Editors/CinemachineVirtualCameraBaseEditor.cs' contains partial class of Unity.Object, exactly 1 of the partial classes needs to be in a file with the same filename. This is to know the one that can be referenced from ie. GameObjects
Refreshing native plugins compatible for Editor in 1.72 ms, found 4 plugins.
Native extension for WindowsStandalone target not found
Native extension for WebGL target not found
Assembly reference Packages/com.unity.cinemachine/Editor/Samples/ExposeHDRPInternals/HDRP-Editor-ref.asmref has no target assembly definition
[Package Manager] Failed to launch server process. Reason: Unity was launched with the -noUpm command-line argument
[Package Manager] Unable to send message (not connected to server process).
[Package Manager] Cannot connect to Unity Package Manager local server
[MODES] ModeService[none].Initialize
[MODES] ModeService[none].LoadModes
[MODES] Loading mode Default (0) for mode-current-id-roguelike
Mono: successfully reloaded assembly
- Finished resetting the current domain, in  0.652 seconds
Domain Reload Profiling: 1540ms
	BeginReloadAssembly (315ms)
		ExecutionOrderSort (0ms)
		DisableScriptedObjects (39ms)
		BackupInstance (0ms)
		ReleaseScriptingObjects (0ms)
		CreateAndSetChildDomain (109ms)
	RebuildCommonClasses (29ms)
	RebuildNativeTypeToScriptingClass (10ms)
	initialDomainReloadingComplete (25ms)
	LoadAllAssembliesAndSetupDomain (510ms)
		LoadAssemblies (435ms)
		RebuildTransferFunctionScriptingTraits (0ms)
		AnalyzeDomain (172ms)
			TypeCache.Refresh (16ms)
				TypeCache.ScanAssembly (7ms)
			BuildScriptInfoCaches (143ms)
			ResolveRequiredComponents (10ms)
	FinalizeReload (652ms)
		ReleaseScriptCaches (0ms)
		RebuildScriptCaches (0ms)
		SetupLoadedEditorAssemblies (492ms)
			LogAssemblyErrors (0ms)
			InitializePlatformSupportModulesInManaged (3ms)
			SetLoadedEditorAssemblies (3ms)
			BeforeProcessingInitializeOnLoad (96ms)
			ProcessInitializeOnLoadAttributes (300ms)
			ProcessInitializeOnLoadMethodAttributes (86ms)
			AfterProcessingInitializeOnLoad (5ms)
			EditorAssembliesLoaded (0ms)
		ExecutionOrderSort2 (0ms)
		AwakeInstancesAfterBackupRestoration (13ms)
Refreshing native plugins compatible for Editor in 2.85 ms, found 4 plugins.
Preloading 0 native plugins for Editor in 0.00 ms.
Unloading 37 Unused Serialized files (Serialized files now loaded: 0)
Unloading 7396 unused Assets / (7.7 MB). Loaded Objects now: 8187.
Memory consumption went from 186.0 MB to 178.3 MB.
Total: 20.759400 ms (FindLiveObjects: 1.969700 ms CreateObjectMapping: 2.418900 ms MarkObjects: 9.155500 ms  DeleteObjects: 7.213300 ms)

Prepare: number of updated asset objects reloaded= 0
========================================================================
Received Import Request.
  Time since last request: 149.747482 seconds.
  path: Assets/stage1.prefab
  artifactKey: Guid(f7e51c3aadc10dc47a1260514533060f) Importer(815301076,1909f56bfc062723c751e8b465ee728b)
Start importing Assets/stage1.prefab using Guid(f7e51c3aadc10dc47a1260514533060f) Importer(815301076,1909f56bfc062723c751e8b465ee728b) (PreviewImporter) -> (artifact id: 'ae906c190e44ef98682ef1249f77102b') in 0.044361 seconds
Number of updated asset objects reloaded before import = 0Number of asset objects unloaded after import = 20

========================================================================
Received Import Request.
  Time since last request: 82.145015 seconds.
  path: Assets/stage1.prefab
  artifactKey: Guid(f7e51c3aadc10dc47a1260514533060f) Importer(815301076,1909f56bfc062723c751e8b465ee728b)
Start importing Assets/stage1.prefab using Guid(f7e51c3aadc10dc47a1260514533060f) Importer(815301076,1909f56bfc062723c751e8b465ee728b) (PreviewImporter) -> (artifact id: '9351f9a0bdd7a8797d1d58b93cbc9b4c') in 0.00372 seconds
Number of updated asset objects reloaded before import = 0Number of asset objects unloaded after import = 20

========================================================================
Received Import Request.
  Time since last request: 80.383020 seconds.
  path: Assets/stage1.prefab
  artifactKey: Guid(f7e51c3aadc10dc47a1260514533060f) Importer(815301076,1909f56bfc062723c751e8b465ee728b)
Start importing Assets/stage1.prefab using Guid(f7e51c3aadc10dc47a1260514533060f) Importer(815301076,1909f56bfc062723c751e8b465ee728b) (PreviewImporter) -> (artifact id: 'a3ee10d810bd77190e283263b8afb286') in 0.0036559 seconds
Number of updated asset objects reloaded before import = 0Number of asset objects unloaded after import = 20

========================================================================
Received Import Request.
  Time since last request: 0.386196 seconds.
  path: Assets/stage1.prefab
  artifactKey: Guid(f7e51c3aadc10dc47a1260514533060f) Importer(815301076,1909f56bfc062723c751e8b465ee728b)
Start importing Assets/stage1.prefab using Guid(f7e51c3aadc10dc47a1260514533060f) Importer(815301076,1909f56bfc062723c751e8b465ee728b) (PreviewImporter) -> (artifact id: 'b76ac5fc87bbf4b98e69d622ee13d45e') in 0.0041374 seconds
Number of updated asset objects reloaded before import = 0Number of asset objects unloaded after import = 20

========================================================================
Received Import Request.
  Time since last request: 0.173108 seconds.
  path: Assets/stage1.prefab
  artifactKey: Guid(f7e51c3aadc10dc47a1260514533060f) Importer(815301076,1909f56bfc062723c751e8b465ee728b)
Start importing Assets/stage1.prefab using Guid(f7e51c3aadc10dc47a1260514533060f) Importer(815301076,1909f56bfc062723c751e8b465ee728b) (PreviewImporter) -> (artifact id: '90c3ef69edb3aa71acc801a8ef352ef2') in 0.0087379 seconds
Number of updated asset objects reloaded before import = 0Number of asset objects unloaded after import = 20

========================================================================
Received Import Request.
  Time since last request: 2.391460 seconds.
  path: Assets/stage1.prefab
  artifactKey: Guid(f7e51c3aadc10dc47a1260514533060f) Importer(815301076,1909f56bfc062723c751e8b465ee728b)
Start importing Assets/stage1.prefab using Guid(f7e51c3aadc10dc47a1260514533060f) Importer(815301076,1909f56bfc062723c751e8b465ee728b) (PreviewImporter) -> (artifact id: '1d6e947744dff3b7b9de560fb7787945') in 0.005267 seconds
Number of updated asset objects reloaded before import = 0Number of asset objects unloaded after import = 20

========================================================================
Received Import Request.
  Time since last request: 1.183052 seconds.
  path: Assets/stage1.prefab
  artifactKey: Guid(f7e51c3aadc10dc47a1260514533060f) Importer(815301076,1909f56bfc062723c751e8b465ee728b)
Start importing Assets/stage1.prefab using Guid(f7e51c3aadc10dc47a1260514533060f) Importer(815301076,1909f56bfc062723c751e8b465ee728b) (PreviewImporter) -> (artifact id: '89155a15e74bdc6624e9975607874d85') in 0.0035473 seconds
Number of updated asset objects reloaded before import = 0Number of asset objects unloaded after import = 20

========================================================================
Received Import Request.
  Time since last request: 3.213043 seconds.
  path: Assets/stage1.prefab
  artifactKey: Guid(f7e51c3aadc10dc47a1260514533060f) Importer(815301076,1909f56bfc062723c751e8b465ee728b)
Start importing Assets/stage1.prefab using Guid(f7e51c3aadc10dc47a1260514533060f) Importer(815301076,1909f56bfc062723c751e8b465ee728b) (PreviewImporter) -> (artifact id: '9e2b7a6dac6ab2b0be1d51acb7f8fded') in 0.0036596 seconds
Number of updated asset objects reloaded before import = 0Number of asset objects unloaded after import = 20

========================================================================
Received Import Request.
  Time since last request: 5.638540 seconds.
  path: Assets/stage1.prefab
  artifactKey: Guid(f7e51c3aadc10dc47a1260514533060f) Importer(815301076,1909f56bfc062723c751e8b465ee728b)
Start importing Assets/stage1.prefab using Guid(f7e51c3aadc10dc47a1260514533060f) Importer(815301076,1909f56bfc062723c751e8b465ee728b) (PreviewImporter) -> (artifact id: 'a99a8597fa1692dfaa7434ac7f55937a') in 0.0037243 seconds
Number of updated asset objects reloaded before import = 0Number of asset objects unloaded after import = 20

========================================================================
Received Import Request.
  Time since last request: 0.984365 seconds.
  path: Assets/stage1.prefab
  artifactKey: Guid(f7e51c3aadc10dc47a1260514533060f) Importer(815301076,1909f56bfc062723c751e8b465ee728b)
Start importing Assets/stage1.prefab using Guid(f7e51c3aadc10dc47a1260514533060f) Importer(815301076,1909f56bfc062723c751e8b465ee728b) (PreviewImporter) -> (artifact id: '8c4a1889fa71161003af82b480083198') in 0.0047944 seconds
Number of updated asset objects reloaded before import = 0Number of asset objects unloaded after import = 20

========================================================================
Received Import Request.
  Time since last request: 0.779800 seconds.
  path: Assets/stage1.prefab
  artifactKey: Guid(f7e51c3aadc10dc47a1260514533060f) Importer(815301076,1909f56bfc062723c751e8b465ee728b)
Start importing Assets/stage1.prefab using Guid(f7e51c3aadc10dc47a1260514533060f) Importer(815301076,1909f56bfc062723c751e8b465ee728b) (PreviewImporter) -> (artifact id: 'faabf5457ad90ab2f40255ed83dc5a5d') in 0.0038507 seconds
Number of updated asset objects reloaded before import = 0Number of asset objects unloaded after import = 20

========================================================================
Received Import Request.
  Time since last request: 2.389852 seconds.
  path: Assets/stage1.prefab
  artifactKey: Guid(f7e51c3aadc10dc47a1260514533060f) Importer(815301076,1909f56bfc062723c751e8b465ee728b)
Start importing Assets/stage1.prefab using Guid(f7e51c3aadc10dc47a1260514533060f) Importer(815301076,1909f56bfc062723c751e8b465ee728b) (PreviewImporter) -> (artifact id: '097aee3b67804a08aa36259a58ace833') in 0.0037315 seconds
Number of updated asset objects reloaded before import = 0Number of asset objects unloaded after import = 20

========================================================================
Received Import Request.
  Time since last request: 0.378908 seconds.
  path: Assets/stage1.prefab
  artifactKey: Guid(f7e51c3aadc10dc47a1260514533060f) Importer(815301076,1909f56bfc062723c751e8b465ee728b)
Start importing Assets/stage1.prefab using Guid(f7e51c3aadc10dc47a1260514533060f) Importer(815301076,1909f56bfc062723c751e8b465ee728b) (PreviewImporter) -> (artifact id: 'e9acfd1cfea23e7e337e3c8246375b14') in 0.0038836 seconds
Number of updated asset objects reloaded before import = 0Number of asset objects unloaded after import = 20

========================================================================
Received Import Request.
  Time since last request: 0.379292 seconds.
  path: Assets/stage1.prefab
  artifactKey: Guid(f7e51c3aadc10dc47a1260514533060f) Importer(815301076,1909f56bfc062723c751e8b465ee728b)
Start importing Assets/stage1.prefab using Guid(f7e51c3aadc10dc47a1260514533060f) Importer(815301076,1909f56bfc062723c751e8b465ee728b) (PreviewImporter) -> (artifact id: '44426954d6fb0f586e6cd8371ed43d60') in 0.0049034 seconds
Number of updated asset objects reloaded before import = 0Number of asset objects unloaded after import = 20

========================================================================
Received Import Request.
  Time since last request: 0.780325 seconds.
  path: Assets/stage1.prefab
  artifactKey: Guid(f7e51c3aadc10dc47a1260514533060f) Importer(815301076,1909f56bfc062723c751e8b465ee728b)
Start importing Assets/stage1.prefab using Guid(f7e51c3aadc10dc47a1260514533060f) Importer(815301076,1909f56bfc062723c751e8b465ee728b) (PreviewImporter) -> (artifact id: '03c9350deeba3de4bff476da7918b617') in 0.0035748 seconds
Number of updated asset objects reloaded before import = 0Number of asset objects unloaded after import = 20

========================================================================
Received Import Request.
  Time since last request: 0.785908 seconds.
  path: Assets/stage1.prefab
  artifactKey: Guid(f7e51c3aadc10dc47a1260514533060f) Importer(815301076,1909f56bfc062723c751e8b465ee728b)
Start importing Assets/stage1.prefab using Guid(f7e51c3aadc10dc47a1260514533060f) Importer(815301076,1909f56bfc062723c751e8b465ee728b) (PreviewImporter) -> (artifact id: 'b3d45175d090cd7cb54f642b5c53e746') in 0.0038192 seconds
Number of updated asset objects reloaded before import = 0Number of asset objects unloaded after import = 20

========================================================================
Received Import Request.
  Time since last request: 0.379268 seconds.
  path: Assets/stage1.prefab
  artifactKey: Guid(f7e51c3aadc10dc47a1260514533060f) Importer(815301076,1909f56bfc062723c751e8b465ee728b)
Start importing Assets/stage1.prefab using Guid(f7e51c3aadc10dc47a1260514533060f) Importer(815301076,1909f56bfc062723c751e8b465ee728b) (PreviewImporter) -> (artifact id: '8517b1c0e529c71d17edaa90cba34336') in 0.003629 seconds
Number of updated asset objects reloaded before import = 0Number of asset objects unloaded after import = 20

========================================================================
Received Import Request.
  Time since last request: 0.579765 seconds.
  path: Assets/stage1.prefab
  artifactKey: Guid(f7e51c3aadc10dc47a1260514533060f) Importer(815301076,1909f56bfc062723c751e8b465ee728b)
Start importing Assets/stage1.prefab using Guid(f7e51c3aadc10dc47a1260514533060f) Importer(815301076,1909f56bfc062723c751e8b465ee728b) (PreviewImporter) -> (artifact id: '53ad819cfdb78b6f8ec74a7002187a97') in 0.0050593 seconds
Number of updated asset objects reloaded before import = 0Number of asset objects unloaded after import = 20

========================================================================
Received Import Request.
  Time since last request: 0.572721 seconds.
  path: Assets/stage1.prefab
  artifactKey: Guid(f7e51c3aadc10dc47a1260514533060f) Importer(815301076,1909f56bfc062723c751e8b465ee728b)
Start importing Assets/stage1.prefab using Guid(f7e51c3aadc10dc47a1260514533060f) Importer(815301076,1909f56bfc062723c751e8b465ee728b) (PreviewImporter) -> (artifact id: '2fad1d16d863d7b867f8d5af1d1d4897') in 0.0037451 seconds
Number of updated asset objects reloaded before import = 0Number of asset objects unloaded after import = 20

========================================================================
Received Import Request.
  Time since last request: 0.173836 seconds.
  path: Assets/stage1.prefab
  artifactKey: Guid(f7e51c3aadc10dc47a1260514533060f) Importer(815301076,1909f56bfc062723c751e8b465ee728b)
Start importing Assets/stage1.prefab using Guid(f7e51c3aadc10dc47a1260514533060f) Importer(815301076,1909f56bfc062723c751e8b465ee728b) (PreviewImporter) -> (artifact id: '003f6c377bf6836a0c258745c2a845cb') in 0.0037259 seconds
Number of updated asset objects reloaded before import = 0Number of asset objects unloaded after import = 20

========================================================================
Received Import Request.
  Time since last request: 2.197881 seconds.
  path: Assets/stage1.prefab
  artifactKey: Guid(f7e51c3aadc10dc47a1260514533060f) Importer(815301076,1909f56bfc062723c751e8b465ee728b)
Start importing Assets/stage1.prefab using Guid(f7e51c3aadc10dc47a1260514533060f) Importer(815301076,1909f56bfc062723c751e8b465ee728b) (PreviewImporter) -> (artifact id: 'c2160afdc407900c310d0fef4d257bcc') in 0.0038537 seconds
Number of updated asset objects reloaded before import = 0Number of asset objects unloaded after import = 20

========================================================================
Received Import Request.
  Time since last request: 13.292165 seconds.
  path: Assets/stage1.prefab
  artifactKey: Guid(f7e51c3aadc10dc47a1260514533060f) Importer(815301076,1909f56bfc062723c751e8b465ee728b)
Start importing Assets/stage1.prefab using Guid(f7e51c3aadc10dc47a1260514533060f) Importer(815301076,1909f56bfc062723c751e8b465ee728b) (PreviewImporter) -> (artifact id: '94f3242e7c6a659ce8909556478c5b64') in 0.0048636 seconds
Number of updated asset objects reloaded before import = 0Number of asset objects unloaded after import = 20

========================================================================
Received Import Request.
  Time since last request: 1.178865 seconds.
  path: Assets/stage1_mat.mat
  artifactKey: Guid(b29142ef6e2b38f479854828d369796f) Importer(815301076,1909f56bfc062723c751e8b465ee728b)
Start importing Assets/stage1_mat.mat using Guid(b29142ef6e2b38f479854828d369796f) Importer(815301076,1909f56bfc062723c751e8b465ee728b) (PreviewImporter) -> (artifact id: '937b5d4527fba095e18b862d523c3e84') in 1.88001 seconds
Number of updated asset objects reloaded before import = 0Number of asset objects unloaded after import = 2

========================================================================
Received Prepare
Assembly reference Packages/com.unity.cinemachine/Editor/Samples/ExposeHDRPInternals/HDRP-Editor-ref.asmref has no target assembly definition
Assembly reference Packages/com.unity.cinemachine/Editor/Samples/ExposeHDRPInternals/HDRP-Editor-ref.asmref has no target assembly definition
Begin MonoManager ReloadAssembly
- Loaded All Assemblies, in  0.649 seconds
Assembly reference Packages/com.unity.cinemachine/Editor/Samples/ExposeHDRPInternals/HDRP-Editor-ref.asmref has no target assembly definition
'Packages/com.unity.cinemachine/Editor/Obsolete/CinemachineVirtualCameraBaseEditor.cs' contains partial class of Unity.Object, exactly 1 of the partial classes needs to be in a file with the same filename. This is to know the one that can be referenced from ie. GameObjects
'Packages/com.unity.cinemachine/Editor/Editors/CinemachineVirtualCameraBaseEditor.cs' contains partial class of Unity.Object, exactly 1 of the partial classes needs to be in a file with the same filename. This is to know the one that can be referenced from ie. GameObjects
Refreshing native plugins compatible for Editor in 1.77 ms, found 4 plugins.
Native extension for WindowsStandalone target not found
Native extension for WebGL target not found
Assembly reference Packages/com.unity.cinemachine/Editor/Samples/ExposeHDRPInternals/HDRP-Editor-ref.asmref has no target assembly definition
[Package Manager] Failed to launch server process. Reason: Unity was launched with the -noUpm command-line argument
[Package Manager] Unable to send message (not connected to server process).
[Package Manager] Cannot connect to Unity Package Manager local server
[MODES] ModeService[none].Initialize
[MODES] ModeService[none].LoadModes
Mono: successfully reloaded assembly
- Finished resetting the current domain, in  0.667 seconds
Domain Reload Profiling: 1313ms
	BeginReloadAssembly (192ms)
		ExecutionOrderSort (0ms)
		DisableScriptedObjects (16ms)
		BackupInstance (0ms)
		ReleaseScriptingObjects (0ms)
		CreateAndSetChildDomain (55ms)
	RebuildCommonClasses (29ms)
	RebuildNativeTypeToScriptingClass (10ms)
	initialDomainReloadingComplete (24ms)
	LoadAllAssembliesAndSetupDomain (391ms)
		LoadAssemblies (300ms)
		RebuildTransferFunctionScriptingTraits (0ms)
		AnalyzeDomain (170ms)
			TypeCache.Refresh (9ms)
				TypeCache.ScanAssembly (1ms)
			BuildScriptInfoCaches (148ms)
			ResolveRequiredComponents (10ms)
	FinalizeReload (667ms)
		ReleaseScriptCaches (0ms)
		RebuildScriptCaches (0ms)
		SetupLoadedEditorAssemblies (492ms)
			LogAssemblyErrors (0ms)
			InitializePlatformSupportModulesInManaged (2ms)
			SetLoadedEditorAssemblies (3ms)
			BeforeProcessingInitializeOnLoad (96ms)
			ProcessInitializeOnLoadAttributes (300ms)
			ProcessInitializeOnLoadMethodAttributes (85ms)
			AfterProcessingInitializeOnLoad (5ms)
			EditorAssembliesLoaded (0ms)
		ExecutionOrderSort2 (0ms)
		AwakeInstancesAfterBackupRestoration (13ms)
Refreshing native plugins compatible for Editor in 2.84 ms, found 4 plugins.
Preloading 0 native plugins for Editor in 0.00 ms.
Unloading 37 Unused Serialized files (Serialized files now loaded: 0)
Unloading 7409 unused Assets / (7.4 MB). Loaded Objects now: 8225.
Memory consumption went from 190.3 MB to 182.9 MB.
Total: 22.018000 ms (FindLiveObjects: 1.774100 ms CreateObjectMapping: 3.691400 ms MarkObjects: 9.721200 ms  DeleteObjects: 6.829500 ms)

Prepare: number of updated asset objects reloaded= 0
========================================================================
Received Prepare
Assembly reference Packages/com.unity.cinemachine/Editor/Samples/ExposeHDRPInternals/HDRP-Editor-ref.asmref has no target assembly definition
Assembly reference Packages/com.unity.cinemachine/Editor/Samples/ExposeHDRPInternals/HDRP-Editor-ref.asmref has no target assembly definition
Begin MonoManager ReloadAssembly
- Loaded All Assemblies, in  0.727 seconds
Assembly reference Packages/com.unity.cinemachine/Editor/Samples/ExposeHDRPInternals/HDRP-Editor-ref.asmref has no target assembly definition
'Packages/com.unity.cinemachine/Editor/Obsolete/CinemachineVirtualCameraBaseEditor.cs' contains partial class of Unity.Object, exactly 1 of the partial classes needs to be in a file with the same filename. This is to know the one that can be referenced from ie. GameObjects
'Packages/com.unity.cinemachine/Editor/Editors/CinemachineVirtualCameraBaseEditor.cs' contains partial class of Unity.Object, exactly 1 of the partial classes needs to be in a file with the same filename. This is to know the one that can be referenced from ie. GameObjects
Refreshing native plugins compatible for Editor in 2.27 ms, found 5 plugins.
Native extension for WindowsStandalone target not found
Native extension for WebGL target not found
Assembly reference Packages/com.unity.cinemachine/Editor/Samples/ExposeHDRPInternals/HDRP-Editor-ref.asmref has no target assembly definition
[Package Manager] Failed to launch server process. Reason: Unity was launched with the -noUpm command-line argument
[Package Manager] Unable to send message (not connected to server process).
[Package Manager] Cannot connect to Unity Package Manager local server
[MODES] ModeService[none].Initialize
[MODES] ModeService[none].LoadModes
Mono: successfully reloaded assembly
- Finished resetting the current domain, in  0.755 seconds
Domain Reload Profiling: 1481ms
	BeginReloadAssembly (194ms)
		ExecutionOrderSort (0ms)
		DisableScriptedObjects (6ms)
		BackupInstance (0ms)
		ReleaseScriptingObjects (0ms)
		CreateAndSetChildDomain (52ms)
	RebuildCommonClasses (32ms)
	RebuildNativeTypeToScriptingClass (10ms)
	initialDomainReloadingComplete (30ms)
	LoadAllAssembliesAndSetupDomain (460ms)
		LoadAssemblies (360ms)
		RebuildTransferFunctionScriptingTraits (0ms)
		AnalyzeDomain (188ms)
			TypeCache.Refresh (12ms)
				TypeCache.ScanAssembly (3ms)
			BuildScriptInfoCaches (160ms)
			ResolveRequiredComponents (12ms)
	FinalizeReload (756ms)
		ReleaseScriptCaches (0ms)
		RebuildScriptCaches (0ms)
		SetupLoadedEditorAssemblies (580ms)
			LogAssemblyErrors (0ms)
			InitializePlatformSupportModulesInManaged (3ms)
			SetLoadedEditorAssemblies (5ms)
			BeforeProcessingInitializeOnLoad (117ms)
			ProcessInitializeOnLoadAttributes (350ms)
			ProcessInitializeOnLoadMethodAttributes (101ms)
			AfterProcessingInitializeOnLoad (5ms)
			EditorAssembliesLoaded (0ms)
		ExecutionOrderSort2 (0ms)
		AwakeInstancesAfterBackupRestoration (12ms)
Refreshing native plugins compatible for Editor in 4.06 ms, found 5 plugins.
Preloading 0 native plugins for Editor in 0.00 ms.
Unloading 37 Unused Serialized files (Serialized files now loaded: 0)
Unloading 7634 unused Assets / (8.4 MB). Loaded Objects now: 8448.
Memory consumption went from 191.7 MB to 183.3 MB.
Total: 25.638500 ms (FindLiveObjects: 1.796500 ms CreateObjectMapping: 2.654500 ms MarkObjects: 10.410800 ms  DeleteObjects: 10.774400 ms)

Prepare: number of updated asset objects reloaded= 0
========================================================================
Received Import Request.
  Time since last request: 663.153837 seconds.
  path: Assets/stage1_fixed_mat.png
  artifactKey: Guid(e97c55bf758e5c04ca667e2cf6aa2ef9) Importer(815301076,1909f56bfc062723c751e8b465ee728b)
Start importing Assets/stage1_fixed_mat.png using Guid(e97c55bf758e5c04ca667e2cf6aa2ef9) Importer(815301076,1909f56bfc062723c751e8b465ee728b) (PreviewImporter) -> (artifact id: '10b43bed26721d0d586012fc15d2b54f') in 0.0630971 seconds
Number of updated asset objects reloaded before import = 0Number of asset objects unloaded after import = 2

========================================================================
Received Import Request.
  Time since last request: 60.656441 seconds.
  path: Assets/Materials/stage1_fixed_mat.mat
  artifactKey: Guid(178d3dd6b3905644299b44f8831e7497) Importer(815301076,1909f56bfc062723c751e8b465ee728b)
Start importing Assets/Materials/stage1_fixed_mat.mat using Guid(178d3dd6b3905644299b44f8831e7497) Importer(815301076,1909f56bfc062723c751e8b465ee728b) (PreviewImporter) -> (artifact id: 'a12c7b2c308dd3dd4b0ebe7118b19b1f') in 0.3320997 seconds
Number of updated asset objects reloaded before import = 0Number of asset objects unloaded after import = 1

========================================================================
Received Import Request.
  Time since last request: 16.365984 seconds.
  path: Assets/stage1 (1).prefab
  artifactKey: Guid(a91407a9bd0c2db40958684e8784fffe) Importer(815301076,1909f56bfc062723c751e8b465ee728b)
Start importing Assets/stage1 (1).prefab using Guid(a91407a9bd0c2db40958684e8784fffe) Importer(815301076,1909f56bfc062723c751e8b465ee728b) (PreviewImporter) -> (artifact id: 'ff78da35a0ee34c07609a841e1b061bc') in 0.0332726 seconds
Number of updated asset objects reloaded before import = 0Number of asset objects unloaded after import = 21

========================================================================
Received Import Request.
  Time since last request: 8.625737 seconds.
  path: Assets/stage1_skinned.prefab
  artifactKey: Guid(a91407a9bd0c2db40958684e8784fffe) Importer(815301076,1909f56bfc062723c751e8b465ee728b)
Start importing Assets/stage1_skinned.prefab using Guid(a91407a9bd0c2db40958684e8784fffe) Importer(815301076,1909f56bfc062723c751e8b465ee728b) (PreviewImporter) -> (artifact id: 'a70e3dccb96c2ddc7284ddd65dcf12c6') in 0.0079752 seconds
Number of updated asset objects reloaded before import = 0Number of asset objects unloaded after import = 21

